(node:11356) [DEP0040] DeprecationWarning: The `punycode` module is deprecated. Please use a userland alternative instead.
(Use `node --trace-deprecation ...` to show where the warning was created)
Found eas-cli in your project dependencies.
It's recommended to use the "cli.version" field in eas.json to enforce the eas-cli version for your project.
Learn more: https://github.com/expo/eas-cli#enforcing-eas-cli-version-for-your-project


⚠️ Detected that your app uses Expo Go for development, this is not recommended when building production apps.
Learn more: https://expo.fyi/why-not-build-expo-go-for-production
To suppress this warning, set EAS_BUILD_NO_EXPO_GO_WARNING=true.

Resolved "production" environment for the build. Learn more: https://docs.expo.dev/eas/environment-variables/#setting-the-environment-for-your-builds
No environment variables with visibility "Plain text" and "Sensitive" found for the "production" environment on EAS.

- Incrementing versionCode from 15 to 16.
√ Incremented versionCode from 15 to 16.


android.versionCode field in app config is ignored when version source is set to remote, but this value will still be in the manifest available via expo-constants. It's recommended to remove this value from app config.
√ Using remote Android credentials (Expo server)
√ Using Keystore from configuration: Build Credentials iZG_tzF4xU (default)

Compressing project files and uploading to EAS Build. Learn more: https://expo.fyi/eas-build-archive
- Uploading to EAS Build (0 / 1.5 MB)
√ Uploaded to EAS 1s
- Computing project fingerprint
⌛️ Computing the project fingerprint is taking longer than expected...
⏩ To skip this step, set the environment variable: EAS_SKIP_AUTO_FINGERPRINT=1
√ Computed project fingerprint

See logs: https://expo.dev/accounts/pabilu/projects/autocare/builds/b235337d-7009-4b9c-b1a9-24ee4382b3ee

Waiting for build to complete. You can press Ctrl+C to exit.
- Waiting for build to complete.
√ Build finished

🤖 Android app:
https://expo.dev/artifacts/eas/quwu2bHDTJly9amwuEBswU6iXAFdZlsEbdV9kaiAMAA.aab
